C:\ST\STM32CubeIDE_1.13.2\STM32CubeIDE\plugins\com.st.stm32cube.ide.mcu.externaltools.gnu-tools-for-stm32.11.3.rel1.win32_1.1.1.202309131626\tools\arm-none-eabi\include\c++\11.3.1\arm-none-eabi\thumb\v7e-m+fp\hard\bits\gthr-default.h:229:1:int __gthread_key_delete(__gthread_key_t)	16	static
../Core/Src/Forward.cpp:10:6:virtual void Forward::enterState()	16	static
../Core/Src/Forward.cpp:18:6:virtual void Forward::exitState()	16	static
../Core/Inc/Forward.h:16:7:Forward::~Forward()	16	static
../Core/Inc/Forward.h:16:7:virtual Forward::~Forward()	16	static
../Core/Src/Forward.cpp:20:1:void __static_initialization_and_destruction_0(int, int)	16	static
../Core/Src/Forward.cpp:20:1:cpp)	8	static
../Core/Src/Forward.cpp:20:1:cpp)	8	static
